export const snapshot = {};

snapshot[`Project View Command - Help Text 1`] = `
stdout:
"
\\x1b[1mUsage:\\x1b[22m \\x1b[95mview \\x1b[33m<\\x1b[95m\\x1b[95mprojectId\\x1b[95m\\x1b[33m>\\x1b[95m\\x1b[39m

\\x1b[1mDescription:\\x1b[22m

  View project details

\\x1b[1mOptions:\\x1b[22m

  \\x1b[94m-h\\x1b[39m, \\x1b[94m--help\\x1b[39m  \\x1b[31m\\x1b[1m-\\x1b[22m\\x1b[39m Show this help.      
  \\x1b[94m-w\\x1b[39m, \\x1b[94m--web\\x1b[39m   \\x1b[31m\\x1b[1m-\\x1b[22m\\x1b[39m Open in web browser  
  \\x1b[94m-a\\x1b[39m, \\x1b[94m--app\\x1b[39m   \\x1b[31m\\x1b[1m-\\x1b[22m\\x1b[39m Open in Linear.app   

"
stderr:
""
`;

snapshot[`Project View Command - With Project Details 1`] = `
stdout:
"# üîê Authentication System Redesign

**Slug:** auth-redesign-2024
**URL:** https://linear.app/acme/project/auth-redesign-2024
**Status:** In Progress
**Priority:** High
**Health:** onTrack
**Creator:** John Admin
**Lead:** Jane Lead
**Start Date:** 2024-01-15
**Target Date:** 2024-04-30
**Started At:** 1/16/2024
**Teams:** Backend Team (BACKEND), Security Team (SECURITY)

**Created:** 1/10/2024
**Updated:** 1/25/2024

## Description

Complete overhaul of the authentication system to improve security and user experience.

## Goals
- Implement OAuth 2.0 / OpenID Connect
- Add multi-factor authentication
- Improve password reset flow
- Add social login options

## Technical Requirements
- JWT tokens with proper rotation
- Rate limiting on auth endpoints
- Audit logging for security events
- GDPR compliance for user data

## Latest Update

**By:** Jane Lead
**When:** 1/22/2024
**Health:** onTrack

Great progress this week! The OAuth implementation is nearly complete and we're on track for our Q1 delivery. The team has been collaborating well across backend and security concerns.

**This week's highlights:**
- OAuth 2.0 flow implementation 80% complete
- MFA design reviews completed
- Security penetration testing scheduled

**Next week:**
- Complete OAuth testing
- Begin MFA implementation
- Finalize UI designs

## Issues Summary

**Total Issues:** 4
**Completed:** 1
**In Progress:** 1
**To Do:** 1
**Canceled:** 1
"
stderr:
""
`;

snapshot[`Project View Command - Minimal Project 1`] = `
stdout:
"# Simple Project

**Slug:** simple
**URL:** https://linear.app/acme/project/simple
**Status:** Backlog
**Priority:** None

**Created:** 1/20/2024
**Updated:** 1/20/2024
"
stderr:
""
`;
